2022/02/11 09:52:53.890500 main.go:20: This is a nomor log
[pprof]2022/02/11 09:52:53.909173 main.go:22: This is a nomor log
